// Jest Snapshot v1, https://goo.gl/fbAQLP

exports[`Pruebas en <GifGridItem /> debe hacer match con snapshot 1`] = `
<div>
  <div
    class="card"
  >
    <img
      alt="Saitama"
      src="https://google.com/"
    />
    <p>
      Saitama
    </p>
  </div>
</div>
`;
